// Jest Snapshot v1, https://goo.gl/fbAQLP

exports[`<EmailField /> error check renders correctly 1`] = `ReactWrapper {}`;
