// Jest Snapshot v1, https://goo.gl/fbAQLP

exports[`<Card {...props} /> renders correctly 1`] = `ShallowWrapper {}`;
