// Jest Snapshot v1, https://goo.gl/fbAQLP

exports[`<Button /> renders correctly 1`] = `ReactWrapper {}`;

exports[`<Button {...props} /> renders correctly 1`] = `ReactWrapper {}`;

exports[`<Button isDisabled /> renders correctly 1`] = `ReactWrapper {}`;
