// Jest Snapshot v1, https://goo.gl/fbAQLP

exports[`<TextInput /> renders correctly 1`] = `ShallowWrapper {}`;

exports[`<TextInput {...props} /> renders correctly 1`] = `ShallowWrapper {}`;
