// Jest Snapshot v1, https://goo.gl/fbAQLP

exports[`<OTPField /> error check renders correctly 1`] = `ReactWrapper {}`;
