// Jest Snapshot v1, https://goo.gl/fbAQLP

exports[`<Text /> renders correctly 1`] = `ShallowWrapper {}`;

exports[`<Text {...props} /> renders correctly 1`] = `ShallowWrapper {}`;
