// Jest Snapshot v1, https://goo.gl/fbAQLP

exports[`<PasswordField /> error check renders correctly 1`] = `ReactWrapper {}`;
