// Jest Snapshot v1, https://goo.gl/fbAQLP

exports[`<Image /> renders correctly 1`] = `ShallowWrapper {}`;

exports[`<Image /> renders correctly 2`] = `ShallowWrapper {}`;
